// Jest Snapshot v1, https://goo.gl/fbAQLP

exports[`Annotations renders 1`] = `
<DocumentFragment>
  <div>
    foo
  </div>
</DocumentFragment>
`;
