// Jest Snapshot v1, https://goo.gl/fbAQLP

exports[`App renders 1`] = `
<DocumentFragment>
  <div
    class="App"
  >
    <div>
      foo
    </div>
    <div>
      <a
        href="https://vitejs.dev"
        rel="noreferrer"
        target="_blank"
      >
        <img
          alt="Vite logo"
          class="logo"
          src="/vite.svg"
        />
      </a>
      <a
        href="https://reactjs.org"
        rel="noreferrer"
        target="_blank"
      >
        <img
          alt="React logo"
          class="logo react"
        />
      </a>
    </div>
    <h1>
      Vite + React
    </h1>
    <div
      class="card"
    >
      <button>
        count is 0
      </button>
      <p>
        Edit 
        <code>
          src/App.tsx
        </code>
         and save to test HMR
      </p>
    </div>
    <p
      class="read-the-docs"
    >
      Click on the Vite and React logos to learn more
    </p>
  </div>
</DocumentFragment>
`;
