// Jest Snapshot v1, https://goo.gl/fbAQLP

exports[`Test renders 1`] = `
<DocumentFragment>
  <div
    class="test"
  >
    Test
    <div
      class="child"
    >
      Child
    </div>
  </div>
</DocumentFragment>
`;
